{
  "id" : 1,
  "map" : {
    "98" : "id: 1",
    "99" : "double: 0.7114649681528662",
    "100" : "string: random1"
  },
  "text" : "random1",
  "value" : 0.7114649681528662
}